<html>
<body>
<pre>
<h1>礦ision Build Log</h1>
<h2>Tool Versions:</h2>
IDE-Version: μVision V5.14.0.0
Copyright (C) 2015 ARM Ltd and ARM Germany GmbH. All rights reserved.
License Information: 闫 金崟, 中古科技股份有限公司, LIC=V859U-S1YJX-78PFD-81H8Q-ZCPL1-SLJP3
 
Tool Versions:
Toolchain:       MDK-ARM Professional  Version: 5.14.0.0
Toolchain Path:  D:\Keil_v5\ARM\ARMCC\Bin
C Compiler:      Armcc.exe V5.05 update 1 (build 106)
Assembler:       Armasm.exe V5.05 update 1 (build 106)
Linker/Locator:  ArmLink.exe V5.05 update 1 (build 106)
Library Manager: ArmAr.exe V5.05 update 1 (build 106)
Hex Converter:   FromElf.exe V5.05 update 1 (build 106)
CPU DLL:         SARMCM3.DLL V5.14.0.0
Dialog DLL:      DARMCM1.DLL V1.12.0.0
Target DLL:      STLink\ST-LINKIII-KEIL_SWO.dll V2.0.14.0_KEIL
Dialog DLL:      TARMCM1.DLL V1.9.0.0
 
<h2>Project:</h2>
E:\CH4\MDK_Project\CH4\MDK-ARM\CH4.uvprojx
Project File Date:  05/24/2018

<h2>Output:</h2>
Build target 'CH4'
assembling startup_stm32l011xx.s...
compiling system_stm32l0xx.c...
compiling stm32l0xx_hal_comp.c...
compiling stm32l0xx_hal_gpio.c...
compiling stm32l0xx_hal_i2c.c...
compiling stm32l0xx_hal_rcc.c...
compiling stm32l0xx_hal_flash.c...
compiling stm32l0xx_hal_cortex.c...
compiling stm32l0xx_hal.c...
compiling stm32l0xx_hal_uart.c...
compiling stm32l0xx_hal_uart_ex.c...
compiling stm32l0xx_hal_comp_ex.c...
compiling stm32l0xx_hal_tim_ex.c...
compiling stm32l0xx_hal_pwr.c...
compiling stm32l0xx_hal_flash_ramfunc.c...
compiling stm32l0xx_hal_dma.c...
compiling stm32l0xx_hal_flash_ex.c...
compiling stm32l0xx_hal_rcc_ex.c...
compiling stm32l0xx_hal_pwr_ex.c...
compiling stm32l0xx_hal_tim.c...
compiling stm32l0xx_hal_i2c_ex.c...
compiling comp.c...
compiling gpio.c...
compiling stm32l0xx_hal_msp.c...
compiling tim.c...
compiling stm32l0xx_it.c...
compiling main.c...
compiling usart.c...
linking...
Program Size: Code=7080 RO-data=260 RW-data=8 ZI-data=1232  
"CH4\CH4.axf" - 0 Error(s), 0 Warning(s).

<h2>Software Packages used:</h2>

Package Vendor: ARM
                http://www.keil.com/pack/ARM.CMSIS.4.2.0.pack
                ARM::CMSIS:CORE:3.40.0
                CMSIS (Cortex Microcontroller Software Interface Standard)
   * Component: CORE Version: 3.40.0

<h2>Collection of Component include folders:</h2>
  E:\CH4\MDK_Project\CH4\MDK-ARM\RTE
  D:\Keil_v5\ARM\PACK\ARM\CMSIS\4.2.0\CMSIS\Include
  D:\Keil_v5\ARM\PACK\Keil\STM32L0xx_DFP\2.0.0

<h2>Collection of Component Files used:</h2>

   * Component: ARM::CMSIS:CORE:3.40.0
      Source file:   CMSIS\UserCodeTemplates\ARM\ITM_Retarget.c
</pre>
</body>
</html>
